{
    "Should count alleles without GTF - stub": {
        "content": [
            {
                "0": [
                    [
                        {
                            "id": "test_sample_no_gtf",
                            "single_end": false,
                            "sample": "NA12878"
                        },
                        "test_sample_no_gtf_counts.tsv:md5,7c7aa4ebffd81727505c09a7bd303371"
                    ]
                ],
                "1": [
                    "versions.yml:md5,ea7fb64306546792774a2a6e8e4c5982"
                ],
                "counts": [
                    [
                        {
                            "id": "test_sample_no_gtf",
                            "single_end": false,
                            "sample": "NA12878"
                        },
                        "test_sample_no_gtf_counts.tsv:md5,7c7aa4ebffd81727505c09a7bd303371"
                    ]
                ],
                "versions": [
                    "versions.yml:md5,ea7fb64306546792774a2a6e8e4c5982"
                ]
            }
        ],
        "meta": {
            "nf-test": "0.9.2",
            "nextflow": "25.10.4"
        },
        "timestamp": "2026-02-26T01:34:57.573652"
    },
    "Should count alleles at heterozygous SNPs - stub": {
        "content": [
            {
                "0": [
                    [
                        {
                            "id": "test_sample",
                            "single_end": false,
                            "sample": "NA12878"
                        },
                        "test_sample_counts.tsv:md5,7c7aa4ebffd81727505c09a7bd303371"
                    ]
                ],
                "1": [
                    "versions.yml:md5,ea7fb64306546792774a2a6e8e4c5982"
                ],
                "counts": [
                    [
                        {
                            "id": "test_sample",
                            "single_end": false,
                            "sample": "NA12878"
                        },
                        "test_sample_counts.tsv:md5,7c7aa4ebffd81727505c09a7bd303371"
                    ]
                ],
                "versions": [
                    "versions.yml:md5,ea7fb64306546792774a2a6e8e4c5982"
                ]
            }
        ],
        "meta": {
            "nf-test": "0.9.2",
            "nextflow": "25.10.4"
        },
        "timestamp": "2026-02-26T01:34:45.940936"
    }
}