{
    "versions_stub": {
        "content": [
            [
                "versions.yml:md5,52e99caff856834e37a6fd861b539f90"
            ]
        ],
        "meta": {
            "nf-test": "0.9.2",
            "nextflow": "25.10.4"
        },
        "timestamp": "2026-02-25T21:03:47.348861"
    }
}